[INFO] Scanning for projects...
[INFO] 
[INFO] --------------------------< manemade:backend >--------------------------
[INFO] Building backend 0.0.1-SNAPSHOT
[INFO]   from pom.xml
[INFO] --------------------------------[ jar ]---------------------------------
[INFO] 
[INFO] --- resources:3.3.1:resources (default-resources) @ backend ---
[INFO] Copying 1 resource from src\main\resources to target\classes
[INFO] Copying 0 resource from src\main\resources to target\classes
[INFO] 
[INFO] --- compiler:3.13.0:compile (default-compile) @ backend ---
[INFO] Recompiling the module because of changed source code.
[INFO] Compiling 55 source files with javac [debug parameters release 17] to target\classes
[INFO] -------------------------------------------------------------
[ERROR] COMPILATION ERROR : 
[INFO] -------------------------------------------------------------
[ERROR] /D:/My Projects/Manemade/backend/src/main/java/manemade/backend/service/UserServiceImpl.java:[63,28] cannot find symbol
  symbol:   method builder()
  location: class manemade.backend.dto.AuthResponse
[ERROR] /D:/My Projects/Manemade/backend/src/main/java/manemade/backend/service/UserServiceImpl.java:[83,28] cannot find symbol
  symbol:   method builder()
  location: class manemade.backend.dto.AuthResponse
[INFO] 2 errors 
[INFO] -------------------------------------------------------------
[INFO] ------------------------------------------------------------------------
[INFO] BUILD FAILURE
[INFO] ------------------------------------------------------------------------
[INFO] Total time:  4.613 s
[INFO] Finished at: 2026-03-31T14:02:46+05:30
[INFO] ------------------------------------------------------------------------
[ERROR] Failed to execute goal org.apache.maven.plugins:maven-compiler-plugin:3.13.0:compile (default-compile) on project backend: Compilation failure: Compilation failure: 
[ERROR] /D:/My Projects/Manemade/backend/src/main/java/manemade/backend/service/UserServiceImpl.java:[63,28] cannot find symbol
[ERROR]   symbol:   method builder()
[ERROR]   location: class manemade.backend.dto.AuthResponse
[ERROR] /D:/My Projects/Manemade/backend/src/main/java/manemade/backend/service/UserServiceImpl.java:[83,28] cannot find symbol
[ERROR]   symbol:   method builder()
[ERROR]   location: class manemade.backend.dto.AuthResponse
[ERROR] -> [Help 1]
[ERROR] 
[ERROR] To see the full stack trace of the errors, re-run Maven with the -e switch.
[ERROR] Re-run Maven using the -X switch to enable full debug logging.
[ERROR] 
[ERROR] For more information about the errors and possible solutions, please read the following articles:
[ERROR] [Help 1] http://cwiki.apache.org/confluence/display/MAVEN/MojoFailureException
